PASS 1/50 /preview/login-02/
PASS 2/50 /preview/login-02-dark/
PASS 3/50 /preview/login-03/
PASS 4/50 /preview/login-03-dark/
PASS 5/50 /preview/login-04/
PASS 6/50 /preview/login-04-dark/
PASS 7/50 /preview/login-05/
PASS 8/50 /preview/login-05-dark/
PASS 9/50 /preview/signup-01/
PASS 10/50 /preview/signup-01-dark/
PASS 11/50 /preview/signup-02/
PASS 12/50 /preview/signup-02-dark/
PASS 13/50 /preview/signup-03/
PASS 14/50 /preview/signup-03-dark/
PASS 15/50 /preview/signup-04/
PASS 16/50 /preview/signup-04-dark/
PASS 17/50 /preview/signup-05/
PASS 18/50 /preview/signup-05-dark/
PASS 19/50 /preview/sidebar-01/
PASS 20/50 /preview/sidebar-01-dark/
PASS 21/50 /preview/sidebar-02/
PASS 22/50 /preview/sidebar-02-dark/
PASS 23/50 /preview/sidebar-03/
PASS 24/50 /preview/sidebar-03-dark/
PASS 25/50 /preview/sidebar-04/
PASS 26/50 /preview/sidebar-04-dark/
PASS 27/50 /preview/sidebar-05/
PASS 28/50 /preview/sidebar-05-dark/
PASS 29/50 /preview/sidebar-06/
PASS 30/50 /preview/sidebar-06-dark/
PASS 31/50 /preview/sidebar-07/
PASS 32/50 /preview/sidebar-07-dark/
PASS 33/50 /preview/sidebar-08/
PASS 34/50 /preview/sidebar-08-dark/
PASS 35/50 /preview/sidebar-09/
PASS 36/50 /preview/sidebar-09-dark/
PASS 37/50 /preview/sidebar-10/
PASS 38/50 /preview/sidebar-10-dark/
PASS 39/50 /preview/sidebar-11/
PASS 40/50 /preview/sidebar-11-dark/
PASS 41/50 /preview/sidebar-12/
PASS 42/50 /preview/sidebar-12-dark/
PASS 43/50 /preview/sidebar-13/
PASS 44/50 /preview/sidebar-13-dark/
PASS 45/50 /preview/sidebar-14/
PASS 46/50 /preview/sidebar-14-dark/
PASS 47/50 /preview/sidebar-15/
PASS 48/50 /preview/sidebar-15-dark/
PASS 49/50 /preview/sidebar-16/
PASS 50/50 /preview/sidebar-16-dark/
PASS catalog /catalog/
PASS catalog /catalog-dark/
SUMMARY PASS: isolated 50/50, catalog 2/2, axe 52/52, keyboard 3/3, JPEG 52/52
