
> ui-scaffold@0.0.1 build
> npm run build:lib && npm run registry:build && npm run registry:legal && npm run build:site


> ui-scaffold@0.0.1 build:lib
> tsup && tsc -p tsconfig.lib.json

CLI Building entry: src/index.ts
CLI Using tsconfig: tsconfig.json
CLI tsup v8.5.1
CLI Using tsup config: /Users/nishikawa/projects/elchika-inc/ui/tsup.config.ts
CLI Target: esnext
CLI Cleaning output folder
ESM Build start
ESM lib/index.js 14.27 KB
ESM ⚡️ Build success in 28ms

> ui-scaffold@0.0.1 registry:build
> npm run registry:tokens && shadcn build --output public/r


> ui-scaffold@0.0.1 registry:tokens
> node scripts/sync-registry-tokens.mjs && biome format --write registry.json

6 item に 37 個のトークンを載せた
Formatted 1 file in 5ms. Fixed 1 file.
- Building badge...
- Building button...
- Building dialog...
- Building input...
- Building sonner...
- Building tabs...
✔ Building registry.

> ui-scaffold@0.0.1 registry:legal
> cp LICENSE THIRD_PARTY_LICENSES public/r/


> ui-scaffold@0.0.1 build:site
> astro build

07:45:09 [types] Generated 26ms
07:45:09 [build] output: "static"
07:45:09 [build] mode: "static"
07:45:09 [build] directory: /Users/nishikawa/projects/elchika-inc/ui/dist/
07:45:09 [build] Collecting build info...
07:45:09 [build] ✓ Completed in 52ms.
07:45:09 [build] Building static entrypoints...
07:45:09 [vite] ✓ built in 174ms
07:45:09 [vite] ✓ built in 166ms
07:45:09 [build] Rearranging server assets...

 generating static routes 
07:45:09   ├─ /catalog/index.html (+130ms) 
07:45:09   ├─ /catalog-dark/index.html (+2ms) 
07:45:09   ├─ /preview/badge/index.html (+1ms) 
07:45:09   ├─ /preview/badge-dark/index.html (+1ms) 
07:45:09   ├─ /preview/button/index.html (+1ms) 
07:45:09   ├─ /preview/button-dark/index.html (+1ms) 
07:45:09   ├─ /preview/dialog/index.html (+1ms) 
07:45:09   ├─ /preview/dialog-dark/index.html (+1ms) 
07:45:09   ├─ /preview/input/index.html (+1ms) 
07:45:09   ├─ /preview/input-dark/index.html (+1ms) 
07:45:09   ├─ /preview/sonner/index.html (+1ms) 
07:45:09   ├─ /preview/sonner-dark/index.html (+1ms) 
07:45:09   ├─ /preview/tabs/index.html (+1ms) 
07:45:09   ├─ /preview/tabs-dark/index.html (+1ms) 
07:45:09   ├─ /index.html (+1ms) 
07:45:09 ✓ Completed in 157ms.

07:45:09 [build] ✓ Completed in 511ms.
07:45:09 [build] 15 page(s) built in 571ms
07:45:09 [build] Complete!
